04j5JWwTE4BGPASR1fnM
06gQycxCxXL98EY810w8
0Fp3nhRyQfuOkEugGYfd
0Fq64JSH7JAnn8xN7mnu
0KjccXJKHRXLXFCCanfm
0LWIJNB4Qace1s43Bd3E
0OtHIaF5RcBkMEi9w5xH
0OxhpJcpuxci5Hkw13ck
0QPZiPcW6BYv94qZrysl
0bdmoihUIbiF854pjYzD
0dWVEFB5bCB7jy1Rvhyd
0ggMfDDDzip4jx15f2ml
0ixsjjI3VvjPwl2dQe9M
0jGRHFsnydLbKEZejWt8
0jL4TDuqIlVGU6DW7d92
0kpHXeUNXyWa7JaRl1t6
0qKj1hn3cglHT0svF610
0rw9ByxB48FjInQIk7rX
10htBp3rUjfZnlirQ3nZ
18JsJWxMw1PFqTSErDbu
1CRQcjyI1qSEc5s4j4ZH
1DyksPZBTzOCh5GAlXYy
1ENAaRYpEiUlvgP4KATo
1HKqnNiSQBgjAa2jz7ZH
1LIxycHzPLUNWtAdr5af
1PFMcEm8MBs3sOspVIog
1SYucb2ZgCeSeVwd70xF
1V5Ae96dPbZ2xtePM5k9
1VXqSSe8fRhwo40gLlzV
1WQ9yV3qyX0tLI8VtSwi
1ZNSFrKcN1oa67gW7PZs
1ahBq2kt0dMIwRT2Jisy
1jlpwqMH0ySfUyoSxj5s
1k5Aunqdx4PflqMLkpFi
1xFNRbgZOZKQzeDHLiPp
1y5FSOLAXncRDuglGcEl
20naH81TfQCeY5NJ4wF8
25maDmWk9gWbvenVIXuq
2UrTIu2kkPfVSX06jDnj
2V4963QV2yFZTKdQo8bC
2g01H5xMXwlCGU05BtSu
2kSPfW2ywQUr9Oju0Oh4
2tKfvQwfEBwPX0Tnrf9a
3BCov1orWySPUte5EuIK
3Ead9lPrGAGJxqnKCPQo
3NS0AYfqPQBnd8mW3LBj
3aIgNxPnSqxZTmqVZe8y
3kf9vfxTi42Z9IcBuE0x
3zWZLLJ276cEiAc97PsT
439XM4VZVXlRJ52gdGo4
45OtxkZeYOfpNJnMoJxY
47pyfk55jrjz7zsyPADA
48e7F068yU6TG7uKYDcy
4BoEtyUtzrq7IGhGSq3B
4CSFG8K2KQBnr7sYNKT0
4HeYTngvC9yWA0taABT2
4PpUL1mgedV2U2ZVG1Re
4PwF36vPE4DyibhjBf3q
4TQgPVrfRHUlyz0uKXO2
4TzAFmLPHw9HnJB8QL4C
4XUI2BhsTgv8dwue909x
4YVs586m8St8fztuwzMd
4bZEhNCJM5pDRk3FVcWt
4e4JaBOuhU6gD9PwCLui
4g116omAJBzsWb9G6Kvf
4g84daf9qblVC0CkIoN6
4hX0HWXadcQGJVZq83LY
4ktLciTnLSW5I3DuAjaQ
4sSpxL3kWSWXXel7QY3g
4wwreOEa43y8ZzOjHYEE
4yUW9q6NT1jmbELRcXIZ
5BYBVhXZgOpJe062FYa9
5JCCwpoPDqU6ICyhcwyc
5JZmzXEkSJ9zSAQcqzzQ
5LJPFdc3zwflPOIJDzvM
5POhddesui1rggXyUmMz
5W0lsjYt9qvuicRgfJek
5W4xxToUHR0hxZ5BYB9Y
5j3VcH7Wi5VVxi6hFw5I
5llTKfKLOjnmxI93bWzr
5pDG853Q89qdfdwJP4TU
5u48zVDzKerbWwarIPZx
5xP4eBx9PbAOf81Ct6jQ
5xTLgGgq2os4fuAQzyEC
5zDgX40VigblguV4wmaW
63gXnSmo0KXTYzLsTHvP
66ixlM0pmcs8p9GxlvU9
6AIh6n5j0JQvF6fL6GQe
6DKkjCYQKhjrbPO67WEm
6EielHY7ry3OyZIATiaf
6Ilaxrd2EvQ0BoxTYKB3
6LtuySBsZyAIKIWZtodP
6Qd6bVIR8V89AkqOxSqV
6RD1UfmPWmVPAKrZ07os
6TvzaD9wfLgyAiLwxYgT
6WODYDfHgkwugMDbv6OX
6ZwdJREO9wlhnjhjy21h
6ra7ReMQOw0zpMaJKWDd
6saqltxXCCXQ5osDhbIZ
6tKbvY3CbJPP28SSPlId
6wd7dlehB8e9r6ic3Lzw
72jNdfvZwg6dMegQKQTn
7811ed9ShdvACbGn7Tlc
7G3gK1L2WmCRiRLZLekz
7GTGv6xuY1ZSDG86XeWi
7HWMvO5QH231crrr2X0d
7O5pu8wUhx2UKnTxVwYS
7VDsh9AREebd66UIm3Fw
7VpemYU2MdUX8PSAfwMC
7gfchN1iOIYKAeudPc7g
7kgZjlxBKbfl67tACwF7
7lkgkltZKOMKt84N6nLQ
7oBCRJy5rh3WALh1RXBr
7p2NqMZoYmdJ3ROUQYVf
7zm1gTwmoaXFkSA1ck9i
87NGThD6Rmbb4SXZSaKc
87Ujrmz6aw8gi5oOEnP5
87vwkmviZ07nB1ubteBd
8EckKjNUc2zsozpTGVPH
8JyG9eF5tjz9CX7DDjeP
8KsZyoHR5lPpq3RAuvnt
8RNdsEGG9802osK1H4nA
8bPC8gzlJf0m74BDb8YW
8dHf6GcjZHrCEdVkmVj6
8eEMZCQibiOvRCr3RKhx
8elmDdl6DjiHRQpIiJtK
8geIyGjti4npgWmhwKXm
8mlEbpIyzFy3fdyiEUMx
8ubzlPndP0MaSQx2xjvu
953Wi55QOhLGygMFHPF7
9ArLnYoIEEIH2ISzcw0Q
9D74TOz5C2klf6YMXuxi
9DgP3XRdyPVLeqtAC8FL
9LbnpGf8XR4N7SOZg0IK
9NGLuQaJwuvepm8A7i9v
9YmBT5hr90dq4rAFRmQN
9b33oRHDSzROHHLGv6P1
9ex75A2YkuDhdiRyMCEU
9fJp6kqwkKBLFYTgL4mj
9fxay7V4ezHZRgNsNsaE
9gc2Q6TaRyEaK2WCsI5k
9hC4Sr0VYwgXYdXU6kdG
9iVEk6twtPchky3JfHng
9l7aFH9YlBKQnPAsh723
9mbQScpkGgCCMFOXZaSu
9qg0iRlZkzYkPXn6GlQX
9yKnHKV7PnF9LKqXJ2qp
A0LBv9H2GE57BhDlXAWP
A1Am02Pi6K4aWfUqFM2Z
A1v1WogZeduwX9ROnbVn
A44le9v84mDZLaZVI3Tq
A5JO9toFOndHtDjWbs7u
A5hxTxAhU7HEgUn5oA1M
A7CsZy8OTUBpPGOQRvOD
AHH37aAhiNl7DRycVAAL
AKY9b5DsiOBJ93TS0hR9
ANYKKLW0Qilel9AZ0BAE
AQb0XSsDgGVX3tBG4s9E
AS5NFRXqv7AcsZbLL9oM
ASnC7MZs9LKQAutNys9S
AT4Wmn4yMYZihar9Owo0
AYhejMAaFSE19AlEJQVt
AmfZozyMj2vtb6YkgQKq
AooVW8TowguIgWdZeKnk
ApUP7ynIfjwvsAPD74po
Axn1ZdcadwQhFN10KZtV
B4lIpiWmCi1U6VJhVdDq
B6vwYam9wVm4MqsPd8p6
B7VgXuLVLs01XoifZS5J
BFuZLD8ix0JxFkoaDu3D
BLPaaAJtllpHjHQ9PkFf
BPJ6bBrFM0gF5OZzX3jW
BQ7IPlhHiQ6ZMuXBUO7B
BeHzmAKtO3H1NAs0FE0W
Bf576iKBBJtQrnSCFrH2
BgXoP2Ki6SwpV6XeN5t6
Bk8rLjv0h3NQe8JOx4HR
BkxmyijovixVzCJVvJKi
BoPWNwJocGconURVrD1h
BvIqEEYYQ33VwG9PvVYF
BzN5zNxk14X1mkTWqmGC
C2malsMkxbSQOuKenFPX
CGGENBRIZNDC7PqS3h92
COz6EDqJJ9LMIBSLpMyA
CR8YtXXhgpEEJMzGHbyp
CSMatPMeKTrw5onLqMXz
CaOMtGUIyJ06GDzcZboA
CaUQDAaL04V5gQOYf9wu
CgT3HuYcgXmaoxMUrWfN
Cmzw0GTl0s2KqyQpZvp0
CplGKXXmzDhbwFKGdyIH
Cy4f0clJrkRB22YCs7c4
CzWOcZQ9PBtPhkhs3V3y
DGhK2DYKcNWvtsdWNQKJ
DIGgIAOS14D7nr6u86Le
DIzgozrnuhyukpBYzZtd
DJLKUotMJModNFNJbVLP
DMawRQlpDXQeCCQLrHK3
DQmI9YWcc5hYu74f3N3R
DQmtJCC7yhdz04RjRR8Y
DYdmJyAV1EjgoTl9YR3z
DaVxkNcKhtQdFBlr9LqW
DjmlYcT3oHN7PFpf1HCo
DpPsxuAEcOpiul3LKAIf
DpQULNwqUCw1ZvwvZ0ON
Du363bAk4UvJQSQzflZc
E0P8MrNZioM4aHhrmqqg
E37UNLIoZhuq9E8bsqKQ
E7XHvGywlD5Xc2LlzRJd
EEDHsxGmU4L27uoXfjww
EExDyJ6OneuewlBiqiwc
ELMiuvTBt5n6VMAy6omv
ERd6ZwZRl3HNIV89Hix8
ES2HvP7ipci5lp5jz81G
Eguar7sXHlsYHkE7KTdG
EpT9kDrvjICTvMXD311k
Ert4bHAfhnqPTj1NVF1W
EuBy5cIphHCK8oY4XC2Y
EzblBmm5gIIL7Y9OhFlO
FM5drsKkkz5R1XIlJTin
FTL8hclRU7k7fcnl6W8O
FV5lpZpLNQB7VJ2aRidx
FfSOereg94nlmvkCBn4v
FhPesaqsfxuMQX3ex8wI
Fi59vFgvrHcS9Dt13xVL
FlfX0gZA009x1DJwb0px
Flkxn68LpnhxAO9Wnf5F
FwkuIe3fHnUbO7biu6Hi
FxJRU0gRNA8fxwYLYRpD
G3ICZlH6KNY26RcvT2GJ
G4AMll0PIRw4fnUU54OC
G4tOtHv8Y1nSyCadXL7M
GEmUWon5PfDZraZOHzPh
GQVk5CENpeJn7yC5JN0f
GQe3FC0AzU6UGl4hWMfi
Gb5HwlUydt9L4MzXX7Yx
GbjDTNAlj1cZBWMtR81J
GcqUGEMlhKquQ199PJQt
GhovdkNbVAnTJQEW22mO
GilnlCGqG8Fqm17uFP6A
Gv1o50GbkwKBe24rploB
GvM3wkAvYRrn3jbbGuXc
GvvIUSZyRLWk5rMV8LxJ
H0LRwiyqpuVcMzugR6LT
H0tlkkB2R4hORVFNBoxT
H2qX7s7RyUEMXyNaGmsU
H4lGrtem96s3eobL0N0s
H57jJcqT7GFLb1BOouXL
HSrGFtJi9OMwafwz6te5
HV1tBf7aLtfqBxzJ1h3d
HVCiR47eX8AxJTo6Af9e
HXfYhqtxviXrsxcYlx9K
HY2chcN7h5qDpXEHLp8V
HcOAio6cBFnBhXsPdqGc
HuKDQZsEwqFnREDiN2FJ
Hwxq6rcMXWGIPurYu0nj
HxYBP9HXxKLB5qZsQdqL
Hz7qTuGz6GwjvpZnnGfR
IBJNmQ61bGf5US4uKlta
IFgzqtHBZWrvxTLry0VZ
IFwmGOKSKcogWWA0Otin
IFzIYsYn9TZqBqZVyHZj
IGl5uBw9JNt5TSjbzFoK
IJ0iDMC9S3KewutySNO3
IJ6kg46Ek0WOxtI0f5qp
IPMBeLrdMnqUItVgduzP
IQcRMAG7jyuxKmYcabIY
IYyEAGAtkAun3LTFnYPN
IboHxye4Hc09pRjOnEdI
Id9lpiEMEI9vEk2j0d6s
Ifr4GWxjwOvqjIP0eJkc
IkHoQeQRHNVbRRJNZvGc
ItAVedSaNBxjjMdTffMM
IzGUNcokwLsnAdd5prIe
IzjY2ykZOAGgg1AmuIQy
J6uarRXAFKVoy4zN7FHY
J8Om185d11Im140WK9iv
JA3SEyYTX5GvtMuP3ADx
JCVgowLnN8YqgxU3cUZQ
JDrFDZ1wr0fNQoubvOmB
JEr90eydeCINgWZHwEyV
JJXXJMErW9W8nPmxhonF
JOZrxMstf7PvwktZHoTr
JRenJUUfpQx19E2xtsbS
JVNbccmRnYxYRaG5EY7i
JXpLLj3WYi6STozo4qgN
Jaw5kWia12J3JhUIq6h1
JcFH6RBTkrow7QwB2h9b
JddHQlMscM8o3PT4jpL0
JkTnESiIlR5MCnIVHPsx
Js2SDXBfKs1GeY3jq9AD
JvDpGJxrAWnHmDnyGI2y
K0JjgDiJunclBGlq5BNK
KG7E67VUsBfgiUKNWQHZ
KHSJFnLoAimN6cyWdl4o
KHwdwr2MzSDxRhC2vIEw
KMeP6zyRp8yuabJ0ewKN
KUapDPPwj8wYjevgrFl4
KcTNc9rKMJccZjIUlcHQ
KddlOieTExrg60ZbEwGp
KeZ6rZGS4I7coyrs0g7T
KgA0lOzwgyJaojdhUBzm
KusMrdlTU1VT7CgD7x93
KyTHdCXD9M3OvngAOFZK
L0j5R8hh3dAkQ9rltBgm
L1Nbp3t7dJO2MCNxAr9B
L2K1Vd91Gdp550QrSTHT
L5FZO5TS4y77tq53O8cy
LDJm25kyvqgBsSL682iD
LHMRq6myvTm8sKJDmj5E
LHwLZm3vOG25ZnKD3INg
LJ3l81OD5gVM4K3kYvac
LTTG527spdJg41Oj33vq
LbcfojyNAA59VakTvxAu
Ldcv1qyqyVFcNEzh62Lo
LeJ8NyzmNvDCkkDsCMSG
Lk6NVcubGzCtsWd8Z5xN
LkYtKke9T6KezL3xtz6k
LpWREk0AAJLAO6Mr95Qa
Lu8f0ENxUAk6am1Ttf5r
M3Y4brmX9Jq0tQI2Z7O3
M483h4g953l8UN4XjO1V
M4Na7bn0nVVKv8S0N7sG
M4WQpRoAkGflnnHyxrch
M5wkUxmzAALybG6YIrdb
M6T0NTyNOPGbWS5x0qPX
M8jznFMrz050MV2kskpI
MC7YnOpHnOCyAgyOyYmF
MEXHhuMKa8Hh5VLyOPTB
MEy9R6v3R8DDQhKkJguw
MIf7n5wanTt6ePQwmmSP
MK3jjVs698FYeimKqHae
MNYPbW0MbToOzTtIPj57
Mah81CxZgXBiGEeuoqdD
MiuFnh3YPK0T0YR3W87m
MmDR96OrLOQlPUhwm2JE
MpUIcbxKg3Ckx4aaNEl1
MrikLE9CXdD5rdWytOHK
Msq2EoW9WZ4AV7SeqOJQ
N2WwoKJtkCNVDK6RS1IB
N3pZ8fyrhw7EoX9YWw1X
N7ksnXGWjhpz3CdIYht8
N86bwQq1zykmfF7QjKqq
NA24UwIHYOLXhcl1tF1Z
NGO7w3ZmJkd9pcvBVjUy
NHlMyWtwjeWkiIjNrd27
NLT3endnkMlvCPBdqkYv
NPlpK7GTf1vTc8kCQqJ1
NQNp9YXcNFJdrD0Fr1N3
NQzOh58FkiKkGZLW1wqf
NUpMRDKcl3L8NGxzlF8L
NZojWX1uzf7pjfkofuQq
NdyP1RvYE1U5cpphD0iF
NhL4xjHonllc7MQHxmu9
NjYydNzB3ysF8uhWLxQF
Nn22B9rO4s9TW5eeg1da
NpnunmwXD5XH8DJ8qU4p
Nrf6P4dunpYyk28zZFJU
Nw0hWyXC0YXxsCmc6lc9
Nyg77Gjbr00Na89HnCyi
Nypkcfz4HECNqpPmKip9
O3u1efkMzi7yUSCicpir
O4gCwRN4EMl4JynhjinP
O7Hl5D1pQnTIRykJXLwo
O7hEvDi4VesxOgTntgmE
O7y7TV9lF3zXl29OvTpc
OCdMSWmDFrzAJQSeiRJA
OKSr2mY59B3XmXJTxPRu
OOWgAERxNKFNUKOh3M7i
OPCgGAJsgzZb9jlmIDGX
OX9n65QUdcOFjGXNgZdy
Og14YwoxgnhKXDWdwOGJ
OluJGaBjASgenkNLDJTb
Op8GgPaB5lw0ZU6rDgNa
OpQOzOMb6KtpBel95KMB
OrCHwjuWQSHoZb29PxZJ
OrdnjC8CNaAMQ8OQKXwG
OtXTMUBVzjqufl0cdcDq
Ovz6Xsv31g7VQ6ShL6p0
Ox7iIP8wiQI0ePwMvTNz
OySBzrBHPfLOJpiLrBlX
OziqVuTWptQzPCgDzwvQ
P4VSewO5v1iHqBonUI0I
P9CztBmWu3FYlhzONaoe
PJ8Nf2umEYG3KNDe9ZbD
PNyjCxsDcBVYKls1rxNu
PU1u9KYTjoD7MGNmZfXK
PUbuay4qdautfSiLRyKH
PWmMDUuek2AL4DQcbMkG
PXKIPp59dPaL5xLjJ2vN
PkyWh5PT0uDyCi2YER3y
PlKJkV1UhPya2EUa7vBP
Poof35wROQnCYcq4RiLg
Pv4AAbB6IW0EHv8cqT6M
PySqkdccpSqwL1lRlsIl
PzK6kNkcIIPboCbxUCJ6
Q2YEgIblYkfG3CsTfGw4
Q5gdFBtPFUi1OjQREkul
QC8FTHcU2OPzWraWWRwX
QHxaCO2wSPXLIAWILCqN
QIxSafbQMdyVzv6qycDw
QNw7Ezz9B1F4dN6255zy
QPenj89daC4zkPoMlROF
QSxiyOUT6ZEOJKN5FsQj
QU6crUCvf4uUNdB2EO0Z
QbRDqvJVO3XNzKKFCuhA
Qk2m6jxIkAZh2SIzSOx3
Ql02zBzrft9w5dZa9vsN
QuiZqxMU3rgZJ81brmgs
Qw7axrDVXK2YjGJjTWAu
Qx2VFgwOoaWAMs8PbGSn
QzFihI4qliwibjv0bWAa
RAd57xpWWFrgpyn74r2R
RFTbG2wMqwPVkGCBpsXl
RLbykQfnTx8YTCcBRQ05
RYxS47NuPbqoyGsqp6TX
RgVBlcNuLYS4fKN5bIeB
RlOZQN3BatAtgLVhnNBt
RvO7PB3TCRhCwO1iffyj
S0t3PfoFu0GM8tPQYvEx
S8FWfpfNs6Yg7I9ctQVi
SHLbwrxP5DsM401YofNN
SN7lBXznsgoRQkgKFgth
SPEoMEhsUjORheRw7xd8
SVYjNGvUZXlqC6CcHTu3
SWkLjhOMi1fdPPHun8Bv
SYVdDBDZOrKm2lXRxJzp
SYZfzync9BZqRT5Ug7u6
SZpJAwZZU0lh2QK7M9Cv
Se4v8hbsXOmLgvygWsQI
Sw6pX2MOmenul0cJPZOm
Sxpt3Hcj7Xn8PQX6siel
SzvZzv7fxXSRxmmHX2iY
T2dLCMwk5Os8RvMsVyzG
T3GhuR4sNTHdIgHpffIw
T4EQzmKSUqa1riGPrCa8
T5BnXol1zFRpK2Gr3YRM
TAT07ZD6v3DqefFdXOgq
TB9AYWZekTJeuj4pA0N1
TByh4wBu0MxqY73SUbs9
TN63jmujXuPP1IMkT1mM
TNcusLbcZYw6lEkyxWW8
TQJiC0Or5aRUIenEskSh
TYjeEI9n17kro6v13thU
TbdyzL5342FgkOQ8BGNn
TbzlRsoycTd1ztBiJndO
Tc2suT9acIVAskAXZ8GA
Teq2wX3C99H83eQaeUqX
Tjmxpu1tk6Thdbic6yzT
TtaeBCXd7Dz86sdmqitZ
Ty7U5QwN2d9USOf5qVmu
TzWjhlXC9bWKnRO7Pb3l
U1FyVCwHcZdzQnCRrsUX
U7w4grBjoQP8kwn3q7yT
UBGYhsbgzSkl4ZX6HQjO
UDXOYvJFRWQ0GfMhIclK
UGRK7gz8bK97bL2Ywmki
UQ2SiJ3rmHnvOaHeVmTM
Ug8BnssdiTnGHN2IrlnX
Uhcf2dLz5rBu4EKHiKrn
UjG18yn2kT2iavsFSOfq
UkaBn3w7zUFOMYTsVZti
Umdk9lbwUkbquKxiOAU8
Uo6lRqMHdR20bRDJYORw
UrP3uYSGGkXgXE5mL2XB
Uu2jGhgezOzePPLOtiUq
V383apsrrPCNYDRl7SQY
V5lFFGIPoiq0tKMRRKK2
V68lhyLXJJQTy2ddnNI5
V9v9a2Rz59hR2C7WJBbd
VCygvAuIM6c5xicB63HQ
VHScFXZwQ4GaCqL3x0oo
VL7G2YcHHpDuICCo1sgR
VPVmkcun1zHHg2Xbm3sM
VbBv8zj4c5lwu2gOW1xg
VhXC24XHOQkHPyZpxUZL
ViEh679duCXXdMYW656K
Vm0jqHMRYoL0ZEu1DRNT
VmLDxGtpniegtmiSSibm
VzhDmcIwYTb5N2kqLBOc
VzwLr6mK1QaaDd2389Tr
W90zjlkojqqMKEDPaEMm
WAZvRXCyY8b7yonjnRtj
WDJkClNk92JThzOggYWs
WGAwrkLup6IZJ07sKFpi
WHpfnfoAVcp0ztst0G69
WTlCXryTmwJ8hj25xOQd
WWbvbWhUaQyNkyHWKkWz
WWlafoqVSaBAFblohdny
WZ3PRJFII6Iw0pltUOgU
WZzL1fP7qlm32PJ0vyle
WaZWAebX2yOJU3NZSwpv
WdTYriBbXtBk3057xR5b
Wetz66x96K6zuTTKgTxE
WjsELmIvdku3TJ4pQvVh
WlZbk3Bculp9Vg7VrfJ1
Wnq9TjKl5U8F4Pw4fAB0
WqpTLiRKxB84w3otcdq1
WsJUihwDMLCVEGneUw4w
Wyw8AmFPrfTHr9r3nZpK
XC8tgMFxHkaxsPGTdGzv
XF5z3zMSG529ZpRsI1h1
XFtHowktjgV5hsIBEgoG
XLFk1RAXccIkaOuoDVFi
XLUCuLodUSTXS97MbqTS
XMiZ2kwxbiReG32HP2NT
XMpS34SXQbrkAsJ8tEed
XXFeO85LEwgblPx1oMHb
XhcQsLQ2lzulIFe6xK4P
XngUQSYptlsOOFRyhjWm
Xp4gIDmiEIzCzEUrDf2e
XqrqHuIaJ3GYKNu6ZqDe
XrxqBV3f41QYQU3gUNjz
XwZHppR5vLOVzFuvKAqb
XzLjzzKt0RfWoizelakS
Y1WJHWM3JGNYaBwff2KO
Y57lqtQS8UyNmUyTb4Y7
YAgzCFrrDq5u4SoMVB9W
YC30LHBbqzrC8KKQjgxz
YFC257KUJDMec9V386GJ
YIOwHpTNwTlyv9f3zG9P
YL4qZlV2PIJWFOzfco6r
YOgDFpv5Mn4XzmZocn5B
YR621YrXnMhR4v8fu9CF
Ya82O5Zp2QpjnE5SQYIB
YeZ1UNfLScfIHrmjIzTZ
YfyM62yq3B3QZZFGwF9J
Z2N2zrax14CKvqpgyLNE
Z926jKoD0TZBtRA11qyQ
ZHMRYhGSyv49jsUh98nA
ZOyqzxbAh092wpN6mtXA
ZQTLzboK5dSRWPucNKMJ
ZVxMbIbBude5YvlomtpL
ZaW0vA7EXxIcfE0Mc8o3
Zjv0FF2223vqGRRZC1AQ
ZnaTvpsstZsyadb6BnnE
ZoaC3iic4fm3mGSYJ8IM
ZpHUq6ep2Oz2VZuWiBau
ZpSpi4PkiFLIiPYRVgQN
ZreDRKW2Zaz3SLyeixJk
Zrrdh6EqQpIDSL5Ov7V5
a3j33BTMZc2mb11oEjrh
a84tYSsZS5Ry8zNBkwq4
a8EaYok6c7Jc9iZkYryZ
aCc4eG3u3wFYPcP9yfux
aDvlhUyIKuFpJmzGGBGw
aEIf528Dxza1g1bGIrHO
aQWT5GYgPnDfcQl1c3vo
aS14iUD9fk4O7KOZ9m4K
apyDm49GnJJ4yt55KPEY
axzgldz8pdzLRpuACfXf
b0pnjz7nukZgmc2Hqq9G
b8icatK1Ve1jrtktPqhC
bPHTBKbLmaTAh06XRB0k
bWjdcwrWfrTcYMEsA3Z6
be4yYRnDpZ1GRyhEfGSy
bh4QSjdVLVSGSeZpbeBm
bnPqB8AO30WuYrUHTof7
bqNgXFJq8pbg0T4gOXZ2
bricJudi0NzDnXQhj22R
buIIGvMks54yX6mVUkEW
c060cRlT9THc2zh2LDMG
c1vE9hTMCxn4DPXPzLvV
c4brH7uzcjOB2F1hH9By
cBifWYr6TmgtKyDcVafQ
cDnNcDtQn6nJZUnFZk5v
cDvDTn2KOAqUko33cAFg
cOEKuHgaPN6b9s6pwflh
cOxOu0SjkG7gUUeqYNiL
cRlEQPqpqMyVubxiS3VT
cXheLB3AdUmToRWvhovp
cjNngBpQtXIypZKNwEaU
cqHLE8suM0M0hwIwauJS
d1Jt9aDzkrTUkwibKVfy
d2OXjajdbHFFLCPtnaPs
d55VPSGP17Fd8msqcbrl
d5MijmBYz2YrGUQaCXH6
d8SXzN4hQNLNEDsIoFhl
d8XJUiJxb3AYkrxGXYVj
dDp0Hg2zipmAafHKLGZo
dLZVkUkhGHwfh79TJdwq
dMGYkwUadwnHbBTefiDc
dMlLK1JW9lptM9yuKjc0
dQbfD0EEFEGHSvp9nHDu
dW8EinnrrRT317drDUsq
dZXC0cl8ABcokyG9hAIW
dbwhoIl3Rnb2b20B6oGS
dcZfa9IgX5JwsTKFp0Py
dhr1uv8gJtN0FxebiMeg
e0nEM4WtJIO5qwC3qgot
eTMfGkNak6FoN226eI3g
eU1aQQNcNf9romc03OIL
eZbUcah1SCbIh236JQ02
ei9pVBzg638VhMnZOzNq
ejAF8W3C4ivyc0MrCs5a
emdzNdPjTlecLXUq3mp0
eoY2EQRsUV1U3L9kJc16
erNyvtcsHxHFdOlFdb5H
eu9YEmjVIO8otJ3rh9Zz
eunvCEPzuRrx3jjzg1Bh
f9Q7kOeSrgQBTFjq21af
fAXqDnzw09jIxXtSpslo
fEhSDztWleaA2ixM49Cb
fLc3IOUBKGYgRZemOfDI
faWpAPBrHW9SeQA8WgkR
fblacJzvnk8i1FsiLfZy
fjuybrnDLe9w88PtOPUl
fqIV6dE0BglhukbuS1Ku
fr9U9CqlIhouIr9DHgRZ
ftruYczyLutcmHwsuvud
fuIhqYjbvrDQGXibgvf3
fwHqcNOk0kg2oSafxnbH
fxWaCF94F6Q9xQV2UoHv
gLEtlAlJnvNvxyVvDdbh
gNS4au7AOzVRg2pEEhnY
gNeaWiBhLMr2HJsyef6l
gUHSvVFBXXe2C0wFOiOp
gWXHLa3p9sDrYeK2umlB
gXkIRdO7MbUefN9WysNS
ghmz0vQXkvRU6RUWmWW0
gjZSfoFK1ZId9QfGh5LW
gsMaleFOc1qYeAI78bvv
gvVaHQTcB10V6iwLXm3e
gwmwqQdMc48LOBIzwmWB
h19rrjBcYY0Fp2L2anTB
h2KMz1UzgXmIUZNAApkL
h6ZdyzEkrmraCtcsjQPr
h9LCAoXbE68HCBVdoLXa
h9bWilnpRouewUtzmhxP
h9dCms5WuzmvY4I8QOT2
hEtfmanj0nrsUSRohBVj
hJ8LAmfiQ8B0amQJlkep
hLcr32ZQ7LNeGCbzNlw4
hQXiLNcJK0NSUi4IrhLg
hSZB2FuSn43GOcLjobXX
haGEIXWVuexyL9yPlUqo
hcVWOTZPDHbIoPsMzRhD
hfuj5QkGza8yGrBwxIQg
hj1KFtijnUayXniZhx88
hnsHyOgiP3QivW12wxik
hoxJSVI4a4BJFvjLbtU4
hpRY3sIdSwwRjWkVZDOP
htJdTHeD7ZcSLUh7cSqd
htMkulu5lVbKBHgByGTa
http://bit.ly/1BJENx8
hz4t7YB3MjLtuvUv1Jrm
hztT9o5YU3pe1eoByK4E
i3jIPckFhcK16aOBGshY
i5da1gRbSTHQ37DS9VMd
i81tETJ07LLzWJj4TbtM
iHlXcSrcvjhVClgYF4Ae
iM7ZehhUTSIt52Lp1I4p
iTyf3QnajcNYjCbaB7D4
iUtFPwHaxmLHe0MXtxBc
iXlTzjxNPzyevKE5gkh5
iYxBD7ehvirzS2ZrJhBL
ig927KnQUs3AD88uNMgO
imQp3MUywQLDGvX0BGUl
inZ8aiOzbNjmynVnCzX4
iqZUcxPfU9Xk0RAfz7sj
izHMggu06iBmd1mnSAKy
j6idKrl1hTGid3CFN0Mq
j7aYLcmFqpakblPwVRdP
jBb85SZOr58u2mSGfsf6
jNmiZaiONli1opUHZh4A
jQLqaNPvS3B1nqGWkBFM
jQqvOx5WE3zxRXKAri3m
jRCNNw7oZdUquH7ARGNP
jRpWRxq3Q14ka7lv8dF6
jUp1TpclYu0iTyZv7D9T
jYSErUDFekLLSxhhilNe
jb8DWxwNqKzus3pKMA7p
jc1dRdmDNEDFrP2dEEzJ
jcsloOPrcUihivoCf0TZ
jhnSN9ESBbdCWNoQqkE1
jn6yy8pd87dLbfz3tTBy
jncsttUAWcUu12EFZ83d
jvC7abMSHhK8sXgdxraj
jwB7ZIANUb0p6s1YX5p8
k1BXOdWLrOZZWFzskTzr
k1b7oZTieTgsyANrIRrj
k4Xr2oE7T24prQZxReMR
kJXFBcSAOikfrpWFR7ki
kLAI0KBPQewOGoy3Hnyf
kP9aYY8z6pN4eajk1MfL
kQbOxhnHc4ka44jKKAIu
kSYO91kP0WBxWPlgY86d
kUQ13G0x1s51PitdYKX8
kb5VfqcnzNPRqhP1MbfA
ke3bNCmtWQvxlfSL07e8
keKQKs34CCgyzcf9OPL5
kf8vpteO77yOcZJwoetN
kgyAV9dQPiK3frv3sSLQ
kqnvg89GpsPkYKyqCk2O
krANxUZvhd8CsfjZZSiN
kszi8549AdxGxojtK4bL
kt2I87zvcFVKYoq6iABE
kxraSEfS9yttHq25sPZu
kzJy78iLnMpopAjJG41A
lGuU1exKAq25PkjlqpSd
lImCBirCgjymiH14t7gE
lOBnEjpqc6tWcKT8cbyw
lZYpl5gdLcR1WRoY9zbU
lbAMEwRPltXfCHoonf4a
lczge2NE8Czp6fHBsOH8
ldh7zWanp6pv013VbUQu
liv1IzkuXktkG3DxD0pD
lnySZWqIYB0Utngg2f0e
lxpxhoJY7rfg7qzN3xsX
m4G8i1TPvxAqvNF1L6a8
m9L6ZmRvd83ckj6sQGRb
mEudb5E6exYSvo3Bkham
mGN66xHaxyZNMQ78rhzu
mIbs3KHooxVEFRSuAo1O
mJp3kc1qvizs9zblf0If
mLqb61wdCEiXrxkpWO4R
mPVXPEyaiGPigCmU8Bf0
mSd2kSetSI0i784ynAXM
mSp6F4E86gDAlGB1XeNl
mTXi5JQuaYq7dZVRwhpZ
mUbEZvBCF8hO9kFxkY36
mXkcg6L3cdKVcWUoJ1J7
map8CMaaicOxn1aJkL4g
md66nTwEg6PKVjwZ7LwZ
mjGrcZr1ctOeazYR8hzw
moz3KfWUTsEclYeStUze
mqs8Ml6mQ0Qgg6aMV6Zv
msH7fBwqzZxQV3SgfEAg
mu4uLWHUIssBCtI4ow6I
muT3bvVASo9hATRObNxM
mwUcDb6E9CY7xtgvnX5k
myukdghdkr7NxMy5GEd7
n4flV4KmnYXdAJRYWzCg
n9wWPo0IyqraG06SDtQa
nCiThSLmSXG0BNqxCXYZ
nWJDM6iz1weTFF0ouYel
nWQRrXaNBtT3kDpWwQtY
nYO0QtEUE6LCXNDH5nyr
nYtvipW4YcGSHENZnkH7
njZitGCOq6pOqia2oEnd
njul0CxHOo49DbcAtaMk
nuevQEW59xcTAk1K3xYg
nyH9B22yleU1IuaYVZzS
nyfR3EPvEYfKXacITRUo
o7eju1lJz604SFTNm71G
oJdXOWKxXV4S73lh8EFl
oTqN6pJbKHlKyviVLMe6
oUi3QdoxHKXK7CRbNMgB
oVGvScWN7IQotl7oNesI
oXH9J9dBfONHewbD51Y7
oidmgzSmjGIj9uubVz00
okxwS5k6wbpihHojGdKr
on1o7Ubf3cfeb7ztfIG6
ooYA69NLy9BeioRF1gse
or4TJsltiGr0j8cwG8Bz
otTVF3G4FjxTah0xJnKH
ouFc1Gy1CKEl9hnxyxhq
p4N0F7nnjeiFsuNjjTtS
pBVv6wZiA9udezcdPBzM
pIHkkXCd5zVwuOJKQZwr
pjG1lnM8bdpXqbtDGzWU
ppMhSYCeMWUJ1K1Fyoy9
prWIxzgkfPon20G8sK6y
pzgHlJgcIxUvmneuBmz2
pzvOt1QW0J70LdRiIHoe
q01sD1t5AM490YOGARhZ
q6Tp7ku07Wpohq6IySqM
q984vFArpt2UbGrIGWuI
qAM1slFH09dgf7cY6KyB
qF9meLVh5QCuzGij4fqZ
qLuLceMMbTy0s4aQ1d0i
qNBT6tqb5MKQ8RVrCgQS
qSX8oPLRPb2mLOsvazU9
qYSMb2Qtc8bqmXsIaTsK
qsGUMxWsZQ2AcVuhpmLm
qzZ3Kyb05cPt6R0gUSUc
r753bzHNp127zNexsDHi
r9VIBQyVYy5Atibc2FPj
rB2H1RdoUOlJxdNNyhKk
raYDkIo86NbFfg6GAJIB
rafXzhGmoUV6waFuV2TL
rdcW3asOk2izk3v4CyzH
roRS5uPMuaRv1VwgwzrU
rplPDs9URSnqcUNAzKbI
s1ANoYoqdquSLfXHIVi8
s3n75fpoq21IDE4pLFX2
s69ii0rXsLXTMUj3BM13
s6HE51r4yTPJW6nBb2GC
sFSxEFEg12C4o9pps1dM
sFYuMgJvBZTplhgQsN6j
sHdxvexou6ZZpVEaXHYt
sKqwZcHlDwzcvVfGr9Sd
sLjfZC5P8ErfQ7DetSxP
sYv6utDPtxLRznjYucSo
sZzsJ5Q9GIScnrcrxRK4
scDno6fRnVQnT7SpK3L3
seIp3KIGvQtP18EkM9bP
sjNrGYXppechzSpsJSGc
ss28fTs6WmNQVAn1ux0b
t13rMj2aS37IPGDsX1Hy
t99QJhwpmj6VWUGsOUZw
tBQYegp7da7l22kJDvfa
tDYlqK3qunwT1n8UP0aU
tMPqaL8my8S34W5bQZDD
tRZI5gHdK6bJJ7vzj3oN
tSIDBdWuS57WdGLiB2PC
tXyKkm7z4tpOmC7U1BSd
tfU6FQTsjjPwRYXgCmWe
thh1PNjZg9CbuO8JokfF
tlTRmzqURgkwoDCT5ZW3
u2Z4ALFEkPV9XebMK0al
u3ANgcAHbSXJiSVOObmF
u4q4ZISNeRjnHmzZpFFe
uCw3eKtpqV10a8VtwxrK
uJSKGhjkWDP3Cwx5mUbt
uKPuoBgeN5zl6XEjzJ7L
uSQHcb9FRb2x3KgBJVSW
uTNr4eLmLUfGOYRRgFuL
uZTsF7HBXYWvITKXeshK
uc6mpsDCKmjgGSoleoyv
uiLAkiaskopv4Rus3plN
uiqzMJS82uEkxM2ZJv9L
uj8u21nYVrAoYxVKYETZ
ukni4Y8qN4hPFxLRIOaE
urgluVIGry5ksIFP5KeT
utca6Eob4v5mbXATFARe
uuIoOLoYFRUhUe1picF2
uuTGnUXprTPnXIHTkndr
uySy7YCQj1jFGAfyWmZv
v1WhVnI3i4yt1d7wXKk1
vBrtvkpHNRCNZdhZN1nT
vJPUpWSKojMoMbtRGZvG
vKAUdqGQehwnmlkLznET
vMQR8syh4ljS47ixBhVX
vN7SbbTeCXJdRxXCVGKr
vPetqrTL4HzKGgi0pUgi
vbN5cqrbAcS5Xi2fvDGE
vdgSL170XYs3Q0nQXbCr
vfggu7cxGD1tok1H19bd
vkImNaahlPI0lcgMcTiW
vpPXe9adUPjaXxTIGFaI
vuDDTSybEMW2gLeK7zSv
w3L96FG6wijOpOtQgRsy
w7LrVHvOnhV8Zab0DEQ8
wFrOrk1BKdzpl7hlmiga
wN7m87ZAdVsrQVUx3xA6
wQjLNG3pNZO7Qbj1ajmq
wZNpVFUsUxXwc9wRHiKY
wvPHWoqf9jLnKFPXYmGs
wvziGWChYpyulId3fQi3
wyP9kpLCXhqUAJnkIxBG
wzvt9ligyZszH3fMHE77
x2EtRIKIlqfcQMT53AH9
x2ZBHap0ITDLiHws0W6x
xHIQH2ZDAg3xKJC2qrZh
xHRxLrXjC1srUQ61dvn2
xJ5r8ptl0sg2KcHDlQlC
xKHhGUhzVISWlTegwwxS
xQBuzxVrfg11QQzGcU0z
xbQkwFeMHhWd31cJKe2u
xfjQ9A3k5sg5wXdn3Gog
xfxAaa8sLYeGLrGWii0a
xiTww7mzWSfdU1RYTG25
xlLyZKlvAUGS9FkhYzW1
xlusFTURosXoyeWr5H3f
xoJBUkIEv5kkgmNfsTLJ
xtbiX0HYpSYeATvd3bf1
xvEFkpQrL9q2RFOTGw91
xyqlDW5Guwk2QJUQ6buG
y2ljnq7Ve4kdxcnnKycf
y3itG3pCQ0FfBS8nR1LJ
y8tteir0duBGAfPHiWcb
yAJwpo3Ag9hqJebwzbiD
yDeUM49F7IKEfrLJsY7R
yH9veXZt4mxJhYtYtsZ2
yP330bwoUD04dJoavDMX
yfdCZvNs7yUwnbphwfmp
ygiNlut5OYOlc1sPBWxj
ygnRKIXsMhVZfErUycMV
ykWpKnjOR3NfHOw8VHjk
ylkAPQiSse78TnHJRAO7
ypWCOug9WYTyrnUquu5k
ywWp1WaxYfDmdJgw9KIa
yzg5VT9ZnRvtrKlcFjiv
zDOSyL0z3fTvOuc8ickf
zF3rj6ooCndi6FMA2xOy
zGCn61TVR1XetAiGcTWO
zLYcvHR8r5anHOXJ1Y3Q
zOvCetjP0L5g8NjGrUck
zPI40cuFOu4C10t5bPMd
zWhARbBs06Kz5X4mgN9J
zZlKIjri1cDbyMEfCoSI
zh3b3Vm5emjC0pKyoiOj
zkCVBWmL66wcaWDvHVFA
zm2baOpi7e7LddSpmYWF
zmEcX0XfXtSEwy2n2OTm
znHIg9hvKiTeaHwdUdUk
zqesBG0xZbdG0fVFkNWK
zvLlIbnWlYkf51vYmsJu
zxbfGePLoqVRdpUq5CS2
